{"is_panic":false,"message":"Expected a minimum of 1 field to be present, got 0","meta":{"kind":"EmptySelection","path":["Query","findManyUser","User"],"outputType":{"name":"User","fields":[{"name":"id","type_name":"Int","is_relation":false},{"name":"email","type_name":"String","is_relation":false}]}},"error_code":"P2009"}