{"is_panic":false,"message":"Failed to validate the query: `Unable to match input value to any allowed input type for the field. Parse errors: [Query parsing/validation error. Message: `id` should be of any of the following types: `IntFilter`, Query parsing/validation error. Message: `id` should be of any of the following types: `Int`]` at `Query.findManyUser.where.UserWhereInput.id`","meta":{"query_validation_error":"Unable to match input value to any allowed input type for the field. Parse errors: [Query parsing/validation error. Message: `id` should be of any of the following types: `IntFilter`, Query parsing/validation error. Message: `id` should be of any of the following types: `Int`]","query_position":"Query.findManyUser.where.UserWhereInput.id"},"error_code":"P2009"}