{"is_panic":false,"message":"Missing a required value at Query.findUniqueUser.where","meta":{"kind":"RequiredArgumentMissing","path":["Query","findUniqueUser","where"]},"error_code":"P2012"}