{"is_panic":false,"message":"Expected a minimum of 1 field to be present, got 0","meta":{"kind":"EmptySelection","selectionPath":["findManyUser"],"outputType":{"name":"User","fields":[{"name":"id","typeName":"Int","isRelation":false},{"name":"email","typeName":"String","isRelation":false}]}},"error_code":"P2009"}