{"is_panic":false,"message":"'foo' is an invalid argument in path 'Query/findManyUser'","meta":{"kind":"UnkownArgument","path":["Query","findManyUser"],"argumentPath":["Query","findManyUser","foo"],"arguments":[{"name":"where","type_names":["prisma.UserWhereInput"]},{"name":"orderBy","type_names":["prisma.UserOrderByWithRelationInput","prisma.UserOrderByWithRelationInput"]},{"name":"cursor","type_names":["prisma.UserWhereUniqueInput"]},{"name":"take","type_names":["Int"]},{"name":"skip","type_names":["Int"]},{"name":"distinct","type_names":["enum"]}]},"error_code":"P2009"}